// Jest Snapshot v1, https://goo.gl/fbAQLP

exports[`AdminQuotas render() renders 1`] = `
<DocumentTitle
  title="Sentry"
>
  <div>
    <Modal
      animation={false}
      autoFocus={true}
      backdrop={true}
      bsClass="modal"
      dialogComponentClass={[Function]}
      enforceFocus={true}
      keyboard={true}
      manager={
        ModalManager {
          "containers": Array [],
          "data": Array [],
          "handleContainerOverflow": true,
          "hideSiblingNodes": true,
          "modals": Array [],
        }
      }
      onHide={[Function]}
      renderBackdrop={[Function]}
      restoreFocus={true}
      show={false}
    >
      <div
        className="modal-header"
      >
        <h4>
          Confirm Your Identity
        </h4>
      </div>
      <div
        className="modal-body"
      >
        <div>
          <p>
            You will need to reauthenticate to continue.
          </p>
          <Button
            disabled={false}
            href="/auth/login/?next="
            priority="primary"
          >
            Continue
          </Button>
        </div>
      </div>
    </Modal>
    <div>
      <h3>
        Quotas
      </h3>
      <div
        className="box"
      >
        <div
          className="box-header"
        >
          <h4>
            Config
          </h4>
        </div>
        <div
          className="box-content with-padding"
        >
          <TextField
            disabled={true}
            hideErrorMessage={false}
            label="Backend"
            required={false}
            value="sentry.quotas.redis.RedisQuota"
          />
          <TextField
            disabled={true}
            hideErrorMessage={false}
            label="Rate Limit"
            required={false}
            value={0}
          />
        </div>
      </div>
      <div
        className="box"
      >
        <div
          className="box-header"
        >
          <h4>
            Total Events
          </h4>
        </div>
        <internalStatChart
          height={150}
          label="Events"
          resolution="1h"
          since={1507603280}
          stat="events.total"
        />
      </div>
      <div
        className="box"
      >
        <div
          className="box-header"
        >
          <h4>
            Dropped Events
          </h4>
        </div>
        <internalStatChart
          height={150}
          label="Events"
          resolution="1h"
          since={1507603280}
          stat="events.dropped"
        />
      </div>
    </div>
  </div>
</DocumentTitle>
`;
