// Jest Snapshot v1, https://goo.gl/fbAQLP

exports[`AdminBuffer render() renders 1`] = `
<DocumentTitle
  title="Sentry"
>
  <div>
    <Modal
      animation={false}
      autoFocus={true}
      backdrop={true}
      bsClass="modal"
      dialogComponentClass={[Function]}
      enforceFocus={true}
      keyboard={true}
      manager={
        ModalManager {
          "containers": Array [],
          "data": Array [],
          "handleContainerOverflow": true,
          "hideSiblingNodes": true,
          "modals": Array [],
        }
      }
      onHide={[Function]}
      renderBackdrop={[Function]}
      restoreFocus={true}
      show={false}
    >
      <div
        className="modal-header"
      >
        <h4>
          Confirm Your Identity
        </h4>
      </div>
      <div
        className="modal-body"
      >
        <div>
          <p>
            You will need to reauthenticate to continue.
          </p>
          <Button
            disabled={false}
            href="/auth/login/?next="
            priority="primary"
          >
            Continue
          </Button>
        </div>
      </div>
    </Modal>
    <div>
      <h3>
        Buffers
      </h3>
      <div
        className="box"
      >
        <div
          className="box-header"
        >
          <h4>
            About
          </h4>
        </div>
        <div
          className="box-content with-padding"
        >
          <p>
            Sentry buffers are responsible for making changes to cardinality counters — such as an issues event count — as well as updating attributes like
             
            <em>
              last seen
            </em>
            . These are flushed on a regularly interval, and are directly affected by the queue backlog.
          </p>
        </div>
      </div>
      <div
        className="box"
      >
        <div
          className="box-header"
        >
          <h4>
            Updates Processed
          </h4>
        </div>
        <internalStatChart
          height={150}
          label="Jobs"
          resolution="1h"
          since={1507603280}
          stat="jobs.finished.sentry.tasks.process_buffer.process_incr"
        />
      </div>
      <div
        className="box"
      >
        <div
          className="box-header"
        >
          <h4>
            Revoked Updates
          </h4>
        </div>
        <internalStatChart
          height={150}
          label="Jobs"
          resolution="1h"
          since={1507603280}
          stat="buffer.revoked"
        />
      </div>
    </div>
  </div>
</DocumentTitle>
`;
